{
  "message": "parse request payload error: Expected input type \"TransactionPayload\", found {\"type\":\"script_function_payload\",\"function\":\"0x1::account::create_account\",\"type_arguments\":[],\"arguments\":[\"invalid\"]}. (occurred while parsing \"UserTransactionRequestInner\") (occurred while parsing \"EncodeSubmissionRequest\")",
  "error_code": null,
  "aptos_ledger_version": null
}
